2021-12-20T17:06:07|INFO|HydraHarpOptimizerMeasure|hydraharp_channel_optimizer start_stop False
2021-12-20T17:06:07|INFO|HydraHarpOptimizerMeasure|measurement hydraharp_channel_optimizer stopping stop_first
2021-12-20T17:06:07|INFO|HydraHarpHistogramMeasure|hydraharp_histogram start_stop False
2021-12-20T17:06:07|INFO|HydraHarpHistogramMeasure|measurement hydraharp_histogram stopping stop_first
2021-12-20T17:06:07|INFO|PowerScanMeasure|power_scan start_stop False
2021-12-20T17:06:07|INFO|PowerScanMeasure|measurement power_scan stopping stop_first
2021-12-20T17:06:07|INFO|PowerMeterOptimizerMeasure|powermeter_optimizer start_stop False
2021-12-20T17:06:07|INFO|PowerMeterOptimizerMeasure|measurement powermeter_optimizer stopping stop_first
2021-12-20T17:06:07|INFO|Sequencer|sequencer start_stop False
2021-12-20T17:06:07|INFO|Sequencer|measurement sequencer stopping stop_first
2021-12-20T17:06:07|INFO|APDOptimizerCBMeasurement|apd_optimizer start_stop False
2021-12-20T17:06:07|INFO|APDOptimizerCBMeasurement|measurement apd_optimizer stopping stop_first
2021-12-20T17:06:07|INFO|NearFieldMicroscope|setting up figures for hydraharp_channel_optimizer measurement hydraharp_channel_optimizer
2021-12-20T17:06:07|INFO|HydraHarpOptimizerMeasure|hydraharp_channel_optimizer start_stop False
2021-12-20T17:06:07|INFO|HydraHarpOptimizerMeasure|measurement hydraharp_channel_optimizer stopping stop_first
2021-12-20T17:06:07|INFO|NearFieldMicroscope|setting up figures for hydraharp_histogram measurement hydraharp_histogram
2021-12-20T17:06:07|INFO|NearFieldMicroscope|setting up figures for power_scan measurement power_scan
2021-12-20T17:06:07|INFO|PowerScanMeasure|power_scan start_stop False
2021-12-20T17:06:07|INFO|PowerScanMeasure|measurement power_scan stopping stop_first
2021-12-20T17:06:07|INFO|NearFieldMicroscope|setting up figures for powermeter_optimizer measurement powermeter_optimizer
2021-12-20T17:06:07|INFO|PowerMeterOptimizerMeasure|powermeter_optimizer start_stop False
2021-12-20T17:06:07|INFO|PowerMeterOptimizerMeasure|measurement powermeter_optimizer stopping stop_first
2021-12-20T17:06:07|INFO|NearFieldMicroscope|setting up figures for sequencer measurement sequencer
2021-12-20T17:06:07|INFO|Sequencer|sequencer start_stop False
2021-12-20T17:06:07|INFO|Sequencer|measurement sequencer stopping stop_first
2021-12-20T17:06:07|WARNING|HydraHarpOptimizerMeasure|Measurement.gui is deprecated, use Measurement.app <class 'DeprecationWarning'>
2021-12-20T17:06:07|WARNING|HydraHarpHistogramMeasure|Measurement.gui is deprecated, use Measurement.app <class 'DeprecationWarning'>
2021-12-20T17:06:07|WARNING|PowerScanMeasure|Measurement.gui is deprecated, use Measurement.app <class 'DeprecationWarning'>
2021-12-20T17:06:07|WARNING|PowerMeterOptimizerMeasure|Measurement.gui is deprecated, use Measurement.app <class 'DeprecationWarning'>
2021-12-20T17:06:07|WARNING|Sequencer|Measurement.gui is deprecated, use Measurement.app <class 'DeprecationWarning'>
2021-12-20T17:06:07|WARNING|APDOptimizerCBMeasurement|Measurement.gui is deprecated, use Measurement.app <class 'DeprecationWarning'>
2021-12-20T17:06:07|INFO|NearFieldMicroscope|setting up figures for apd_optimizer measurement apd_optimizer
2021-12-20T17:06:08|INFO|APDOptimizerCBMeasurement|apd_optimizer start_stop False
2021-12-20T17:06:08|INFO|APDOptimizerCBMeasurement|measurement apd_optimizer stopping stop_first
2021-12-20T17:06:08|INFO|NearFieldMicroscope|ini settings loading from near_field_microscope_defaults.ini
2021-12-20T17:06:08|DEBUG|FileLQ|save_dir: update_value 'C:\\Users\\RAMAN\\workspace\\NearField\\NearFieldMicroscope\\data' --> 'E:\\Natalie'    sender=None
2021-12-20T17:06:08|DEBUG|FileLQ|save_dir: different values C:\Users\RAMAN\workspace\NearField\NearFieldMicroscope\data E:\Natalie
2021-12-20T17:06:08|INFO|NearFieldMicroscope|hardware/hydraharp
2021-12-20T17:06:08|INFO|NearFieldMicroscope|hardware/pololu_maestro
2021-12-20T17:06:11|INFO|NearFieldMicroscope|hardware/power_wheel
2021-12-20T17:06:11|INFO|NearFieldMicroscope|hardware/thorlabs_powermeter
2021-12-20T17:06:11|INFO|NearFieldMicroscope|hardware/motorized_polarizer
2021-12-20T17:06:11|INFO|NearFieldMicroscope|hardware/apd_counter
2021-12-20T17:06:11|INFO|NearFieldMicroscope|ini settings loaded from: near_field_microscope_defaults.ini
2021-12-20T17:06:54|INFO|PowerScanMeasure|power_scan start_stop True
2021-12-20T17:06:54|INFO|PowerScanMeasure|measurement power_scan start called from thread: 5728
2021-12-20T17:06:57|CRITICAL|root|Unhandled exception:Traceback (most recent call last):
  File "C:\Users\RAMAN\workspace\NearField\ScopeFoundryHW\thorlabs_powermeter\thorlabs_pm100d.py", line 68, in ask
    resp = self.pm.query(cmd)
  File "C:\ProgramData\Anaconda3\lib\site-packages\pyvisa\resources\messagebased.py", line 644, in query
    return self.read()
  File "C:\ProgramData\Anaconda3\lib\site-packages\pyvisa\resources\messagebased.py", line 486, in read
    message = self._read_raw().decode(enco)
  File "C:\ProgramData\Anaconda3\lib\site-packages\pyvisa\resources\messagebased.py", line 442, in _read_raw
    chunk, status = self.visalib.read(self.session, size)
  File "C:\ProgramData\Anaconda3\lib\site-packages\pyvisa\ctwrapper\functions.py", line 2337, in read
    ret = library.viRead(session, buffer, count, byref(return_count))
  File "C:\ProgramData\Anaconda3\lib\site-packages\pyvisa\ctwrapper\highlevel.py", line 222, in _return_handler
    return self.handle_return_value(session, ret_value)  # type: ignore
  File "C:\ProgramData\Anaconda3\lib\site-packages\pyvisa\highlevel.py", line 251, in handle_return_value
    raise errors.VisaIOError(rv)
pyvisa.errors.VisaIOError: VI_ERROR_INP_PROT_VIOL (-1073807305): Device reported an input protocol error during transfer.

During handling of the above exception, another exception occurred:

Traceback (most recent call last):
  File "C:\Users\RAMAN\workspace\NearField\ScopeFoundry\hardware.py", line 220, in enable_connection
    raise err
  File "C:\Users\RAMAN\workspace\NearField\ScopeFoundry\hardware.py", line 210, in enable_connection
    self.connect()
  File "C:\Users\RAMAN\workspace\NearField\ScopeFoundryHW\thorlabs_powermeter\thorlabs_powermeter.py", line 53, in connect
    self.power_meter = ThorlabsPM100D(debug=self.settings['debug_mode'], port=self.settings['port'])
  File "C:\Users\RAMAN\workspace\NearField\ScopeFoundryHW\thorlabs_powermeter\thorlabs_pm100d.py", line 38, in __init__
    self.idn = self.ask("*IDN?")
  File "C:\Users\RAMAN\workspace\NearField\ScopeFoundryHW\thorlabs_powermeter\thorlabs_pm100d.py", line 70, in ask
    resp = self.pm.ask(cmd) # Deprecated pyvisa method --> replaced by query()
AttributeError: 'USBInstrument' object has no attribute 'ask'

2021-12-20T17:06:59|WARNING|LoggedQuantity|power read_from_hardware called when not connected to hardware
2021-12-20T17:06:59|WARNING|LoggedQuantity|power read_from_hardware called when not connected to hardware
2021-12-20T17:06:59|WARNING|LoggedQuantity|power read_from_hardware called when not connected to hardware
2021-12-20T17:06:59|WARNING|LoggedQuantity|power read_from_hardware called when not connected to hardware
2021-12-20T17:06:59|WARNING|LoggedQuantity|power read_from_hardware called when not connected to hardware
2021-12-20T17:06:59|WARNING|LoggedQuantity|power read_from_hardware called when not connected to hardware
2021-12-20T17:06:59|WARNING|LoggedQuantity|power read_from_hardware called when not connected to hardware
2021-12-20T17:06:59|WARNING|LoggedQuantity|power read_from_hardware called when not connected to hardware
2021-12-20T17:06:59|WARNING|LoggedQuantity|power read_from_hardware called when not connected to hardware
2021-12-20T17:06:59|WARNING|LoggedQuantity|power read_from_hardware called when not connected to hardware
2021-12-20T17:06:59|WARNING|LoggedQuantity|count_rate read_from_hardware called when not connected to hardware
2021-12-20T17:06:59|WARNING|LoggedQuantity|power read_from_hardware called when not connected to hardware
2021-12-20T17:07:00|WARNING|LoggedQuantity|power read_from_hardware called when not connected to hardware
2021-12-20T17:07:00|WARNING|LoggedQuantity|power read_from_hardware called when not connected to hardware
2021-12-20T17:07:00|WARNING|LoggedQuantity|power read_from_hardware called when not connected to hardware
2021-12-20T17:07:00|WARNING|LoggedQuantity|power read_from_hardware called when not connected to hardware
2021-12-20T17:07:00|WARNING|LoggedQuantity|power read_from_hardware called when not connected to hardware
2021-12-20T17:07:00|WARNING|LoggedQuantity|power read_from_hardware called when not connected to hardware
2021-12-20T17:07:00|WARNING|LoggedQuantity|power read_from_hardware called when not connected to hardware
2021-12-20T17:07:00|WARNING|LoggedQuantity|power read_from_hardware called when not connected to hardware
2021-12-20T17:07:00|WARNING|LoggedQuantity|power read_from_hardware called when not connected to hardware
2021-12-20T17:07:04|WARNING|LoggedQuantity|power read_from_hardware called when not connected to hardware
2021-12-20T17:07:04|WARNING|LoggedQuantity|power read_from_hardware called when not connected to hardware
2021-12-20T17:07:04|WARNING|LoggedQuantity|power read_from_hardware called when not connected to hardware
2021-12-20T17:07:04|WARNING|LoggedQuantity|power read_from_hardware called when not connected to hardware
2021-12-20T17:07:04|WARNING|LoggedQuantity|power read_from_hardware called when not connected to hardware
2021-12-20T17:07:04|WARNING|LoggedQuantity|power read_from_hardware called when not connected to hardware
2021-12-20T17:07:04|WARNING|LoggedQuantity|power read_from_hardware called when not connected to hardware
2021-12-20T17:07:04|WARNING|LoggedQuantity|power read_from_hardware called when not connected to hardware
2021-12-20T17:07:04|WARNING|LoggedQuantity|power read_from_hardware called when not connected to hardware
2021-12-20T17:07:04|WARNING|LoggedQuantity|power read_from_hardware called when not connected to hardware
2021-12-20T17:07:05|WARNING|LoggedQuantity|count_rate read_from_hardware called when not connected to hardware
2021-12-20T17:07:05|WARNING|LoggedQuantity|power read_from_hardware called when not connected to hardware
2021-12-20T17:07:05|WARNING|LoggedQuantity|power read_from_hardware called when not connected to hardware
2021-12-20T17:07:05|WARNING|LoggedQuantity|power read_from_hardware called when not connected to hardware
2021-12-20T17:07:05|WARNING|LoggedQuantity|power read_from_hardware called when not connected to hardware
2021-12-20T17:07:05|WARNING|LoggedQuantity|power read_from_hardware called when not connected to hardware
2021-12-20T17:07:05|WARNING|LoggedQuantity|power read_from_hardware called when not connected to hardware
2021-12-20T17:07:05|WARNING|LoggedQuantity|power read_from_hardware called when not connected to hardware
2021-12-20T17:07:05|WARNING|LoggedQuantity|power read_from_hardware called when not connected to hardware
2021-12-20T17:07:05|INFO|PowerScanMeasure|power_scan start_stop False
2021-12-20T17:07:05|WARNING|LoggedQuantity|power read_from_hardware called when not connected to hardware
2021-12-20T17:07:05|INFO|PowerScanMeasure|measurement power_scan stopping run_thread_run
2021-12-20T17:07:05|WARNING|LoggedQuantity|power read_from_hardware called when not connected to hardware
2021-12-20T17:07:05|INFO|PowerScanMeasure|measurement power_scan interrupt called
2021-12-20T17:07:05|INFO|PowerScanMeasure|data saved E:\Natalie\211220_170705_power_scan.h5
2021-12-20T17:20:59|DEBUG|root|close
2021-12-20T17:21:01|DEBUG|root|closing
2021-12-20T17:21:01|INFO|NearFieldMicroscope|on_close
2021-12-20T17:21:01|INFO|NearFieldMicroscope|disconnecting hydraharp
2021-12-20T17:21:01|INFO|NearFieldMicroscope|disconnecting pololu_maestro
2021-12-20T17:21:01|INFO|NearFieldMicroscope|disconnecting power_wheel
2021-12-20T17:21:01|INFO|NearFieldMicroscope|disconnecting thorlabs_powermeter
2021-12-20T17:21:01|INFO|NearFieldMicroscope|disconnecting motorized_polarizer
2021-12-20T17:21:02|ERROR|NearFieldMicroscope|tried to disconnect motorized_polarizer: Thorlabs Kinesis Error [1567476160] UNKNOWN: Unknown error code. 
2021-12-20T17:21:02|INFO|NearFieldMicroscope|disconnecting apd_counter
