2021-12-10T10:33:37|INFO|HydraHarpOptimizerMeasure|hydraharp_channel_optimizer start_stop False
2021-12-10T10:33:37|INFO|HydraHarpOptimizerMeasure|measurement hydraharp_channel_optimizer stopping stop_first
2021-12-10T10:33:37|INFO|HydraHarpHistogramMeasure|hydraharp_histogram start_stop False
2021-12-10T10:33:37|INFO|HydraHarpHistogramMeasure|measurement hydraharp_histogram stopping stop_first
2021-12-10T10:33:37|INFO|PowerScanMeasure|power_scan start_stop False
2021-12-10T10:33:37|INFO|PowerScanMeasure|measurement power_scan stopping stop_first
2021-12-10T10:33:37|INFO|PowerMeterOptimizerMeasure|powermeter_optimizer start_stop False
2021-12-10T10:33:37|INFO|PowerMeterOptimizerMeasure|measurement powermeter_optimizer stopping stop_first
2021-12-10T10:33:37|INFO|Sequencer|sequencer start_stop False
2021-12-10T10:33:37|INFO|Sequencer|measurement sequencer stopping stop_first
2021-12-10T10:33:37|INFO|APDOptimizerCBMeasurement|apd_optimizer start_stop False
2021-12-10T10:33:37|INFO|APDOptimizerCBMeasurement|measurement apd_optimizer stopping stop_first
2021-12-10T10:33:37|INFO|NearFieldMicroscope|setting up figures for hydraharp_channel_optimizer measurement hydraharp_channel_optimizer
2021-12-10T10:33:37|INFO|HydraHarpOptimizerMeasure|hydraharp_channel_optimizer start_stop False
2021-12-10T10:33:37|INFO|HydraHarpOptimizerMeasure|measurement hydraharp_channel_optimizer stopping stop_first
2021-12-10T10:33:37|INFO|NearFieldMicroscope|setting up figures for hydraharp_histogram measurement hydraharp_histogram
2021-12-10T10:33:37|INFO|NearFieldMicroscope|setting up figures for power_scan measurement power_scan
2021-12-10T10:33:37|INFO|PowerScanMeasure|power_scan start_stop False
2021-12-10T10:33:37|INFO|PowerScanMeasure|measurement power_scan stopping stop_first
2021-12-10T10:33:37|INFO|NearFieldMicroscope|setting up figures for powermeter_optimizer measurement powermeter_optimizer
2021-12-10T10:33:37|INFO|PowerMeterOptimizerMeasure|powermeter_optimizer start_stop False
2021-12-10T10:33:37|INFO|PowerMeterOptimizerMeasure|measurement powermeter_optimizer stopping stop_first
2021-12-10T10:33:38|INFO|NearFieldMicroscope|setting up figures for sequencer measurement sequencer
2021-12-10T10:33:38|INFO|Sequencer|sequencer start_stop False
2021-12-10T10:33:38|INFO|Sequencer|measurement sequencer stopping stop_first
2021-12-10T10:33:38|WARNING|HydraHarpOptimizerMeasure|Measurement.gui is deprecated, use Measurement.app <class 'DeprecationWarning'>
2021-12-10T10:33:38|WARNING|HydraHarpHistogramMeasure|Measurement.gui is deprecated, use Measurement.app <class 'DeprecationWarning'>
2021-12-10T10:33:38|WARNING|PowerScanMeasure|Measurement.gui is deprecated, use Measurement.app <class 'DeprecationWarning'>
2021-12-10T10:33:38|WARNING|PowerMeterOptimizerMeasure|Measurement.gui is deprecated, use Measurement.app <class 'DeprecationWarning'>
2021-12-10T10:33:38|WARNING|Sequencer|Measurement.gui is deprecated, use Measurement.app <class 'DeprecationWarning'>
2021-12-10T10:33:38|WARNING|APDOptimizerCBMeasurement|Measurement.gui is deprecated, use Measurement.app <class 'DeprecationWarning'>
2021-12-10T10:33:38|INFO|NearFieldMicroscope|setting up figures for apd_optimizer measurement apd_optimizer
2021-12-10T10:33:38|INFO|APDOptimizerCBMeasurement|apd_optimizer start_stop False
2021-12-10T10:33:38|INFO|APDOptimizerCBMeasurement|measurement apd_optimizer stopping stop_first
2021-12-10T10:33:38|INFO|NearFieldMicroscope|ini settings loading from near_field_microscope_defaults.ini
2021-12-10T10:33:38|DEBUG|FileLQ|save_dir: update_value 'C:\\Users\\RAMAN\\workspace\\NearField\\NearFieldMicroscope\\data' --> 'E:\\Natalie'    sender=None
2021-12-10T10:33:38|DEBUG|FileLQ|save_dir: different values C:\Users\RAMAN\workspace\NearField\NearFieldMicroscope\data E:\Natalie
2021-12-10T10:33:38|INFO|NearFieldMicroscope|hardware/hydraharp
2021-12-10T10:33:38|INFO|NearFieldMicroscope|hardware/pololu_maestro
2021-12-10T10:33:41|INFO|NearFieldMicroscope|hardware/power_wheel
2021-12-10T10:33:41|INFO|NearFieldMicroscope|hardware/thorlabs_powermeter
2021-12-10T10:33:41|INFO|NearFieldMicroscope|hardware/motorized_polarizer
2021-12-10T10:33:41|INFO|NearFieldMicroscope|hardware/apd_counter
2021-12-10T10:33:41|INFO|NearFieldMicroscope|ini settings loaded from: near_field_microscope_defaults.ini
2021-12-10T10:33:50|CRITICAL|root|Unhandled exception:Traceback (most recent call last):
  File "C:\Users\RAMAN\workspace\NearField\ScopeFoundry\hardware.py", line 210, in enable_connection
    self.connect()
  File "C:\Users\RAMAN\workspace\NearField\ScopeFoundryHW\thorlabs_integrated_stepper\thorlabs_integrated_stepper_motor_hw.py", line 29, in connect
    S.target_pos.connect_to_hardware(write_func=self.move_and_wait_scaled)
AttributeError: 'LQCollection' object has no attribute 'target_pos'

During handling of the above exception, another exception occurred:

Traceback (most recent call last):
  File "C:\Users\RAMAN\workspace\NearField\ScopeFoundry\hardware.py", line 237, in enable_connection
    raise err
  File "C:\Users\RAMAN\workspace\NearField\ScopeFoundry\hardware.py", line 230, in enable_connection
    self.disconnect()
  File "C:\Users\RAMAN\workspace\NearField\ScopeFoundryHW\thorlabs_integrated_stepper\thorlabs_integrated_stepper_motor_hw.py", line 34, in disconnect
    self.dev.close_device()
  File "C:\Users\RAMAN\workspace\NearField\ScopeFoundryHW\thorlabs_integrated_stepper\thorlabs_integrated_stepper_motor_dev.py", line 151, in close_device
    err_msg = _err(self.isc_dll.ISC_Close(self._id))
  File "C:\Users\RAMAN\workspace\NearField\ScopeFoundryHW\thorlabs_integrated_stepper\thorlabs_integrated_stepper_motor_dev.py", line 65, in _err
    raise IOError("Thorlabs Kinesis Error [{}] {}: {} ".format(retval, err_name, description))
OSError: Thorlabs Kinesis Error [263332864] UNKNOWN: Unknown error code. 

2021-12-10T10:33:50|CRITICAL|root|Unhandled exception:Traceback (most recent call last):
  File "C:\Users\RAMAN\workspace\NearField\ScopeFoundry\hardware.py", line 220, in enable_connection
    raise err
  File "C:\Users\RAMAN\workspace\NearField\ScopeFoundry\hardware.py", line 210, in enable_connection
    self.connect()
  File "C:\Users\RAMAN\workspace\NearField\ScopeFoundryHW\thorlabs_integrated_stepper\thorlabs_integrated_stepper_motor_hw.py", line 29, in connect
    S.target_pos.connect_to_hardware(write_func=self.move_and_wait_scaled)
AttributeError: 'LQCollection' object has no attribute 'target_pos'

2021-12-10T10:34:06|CRITICAL|root|Unhandled exception:Traceback (most recent call last):
  File "C:\Users\RAMAN\workspace\NearField\ScopeFoundry\hardware.py", line 210, in enable_connection
    self.connect()
  File "C:\Users\RAMAN\workspace\NearField\ScopeFoundryHW\thorlabs_integrated_stepper\thorlabs_integrated_stepper_motor_hw.py", line 30, in connect
    self.read_from_hardware()
  File "C:\Users\RAMAN\workspace\NearField\ScopeFoundry\hardware.py", line 187, in read_from_hardware
    lq.read_from_hardware()
  File "C:\Users\RAMAN\workspace\NearField\ScopeFoundry\logged_quantity.py", line 195, in read_from_hardware
    val = self.hardware_read_func()
  File "C:\Users\RAMAN\workspace\NearField\ScopeFoundryHW\thorlabs_integrated_stepper\thorlabs_integrated_stepper_motor_hw.py", line 54, in read_position_scaled
    return self.dev.read_position() / self.steps_per_deg.value
AttributeError: 'ThorlabsIntegratedStepperMottorHW' object has no attribute 'steps_per_deg'

During handling of the above exception, another exception occurred:

Traceback (most recent call last):
  File "C:\Users\RAMAN\workspace\NearField\ScopeFoundry\hardware.py", line 237, in enable_connection
    raise err
  File "C:\Users\RAMAN\workspace\NearField\ScopeFoundry\hardware.py", line 230, in enable_connection
    self.disconnect()
  File "C:\Users\RAMAN\workspace\NearField\ScopeFoundryHW\thorlabs_integrated_stepper\thorlabs_integrated_stepper_motor_hw.py", line 34, in disconnect
    self.dev.close_device()
  File "C:\Users\RAMAN\workspace\NearField\ScopeFoundryHW\thorlabs_integrated_stepper\thorlabs_integrated_stepper_motor_dev.py", line 151, in close_device
    err_msg = _err(self.isc_dll.ISC_Close(self._id))
  File "C:\Users\RAMAN\workspace\NearField\ScopeFoundryHW\thorlabs_integrated_stepper\thorlabs_integrated_stepper_motor_dev.py", line 65, in _err
    raise IOError("Thorlabs Kinesis Error [{}] {}: {} ".format(retval, err_name, description))
OSError: Thorlabs Kinesis Error [301915024] UNKNOWN: Unknown error code. 

2021-12-10T10:34:06|CRITICAL|root|Unhandled exception:Traceback (most recent call last):
  File "C:\Users\RAMAN\workspace\NearField\ScopeFoundry\hardware.py", line 220, in enable_connection
    raise err
  File "C:\Users\RAMAN\workspace\NearField\ScopeFoundry\hardware.py", line 210, in enable_connection
    self.connect()
  File "C:\Users\RAMAN\workspace\NearField\ScopeFoundryHW\thorlabs_integrated_stepper\thorlabs_integrated_stepper_motor_hw.py", line 30, in connect
    self.read_from_hardware()
  File "C:\Users\RAMAN\workspace\NearField\ScopeFoundry\hardware.py", line 187, in read_from_hardware
    lq.read_from_hardware()
  File "C:\Users\RAMAN\workspace\NearField\ScopeFoundry\logged_quantity.py", line 195, in read_from_hardware
    val = self.hardware_read_func()
  File "C:\Users\RAMAN\workspace\NearField\ScopeFoundryHW\thorlabs_integrated_stepper\thorlabs_integrated_stepper_motor_hw.py", line 54, in read_position_scaled
    return self.dev.read_position() / self.steps_per_deg.value
AttributeError: 'ThorlabsIntegratedStepperMottorHW' object has no attribute 'steps_per_deg'

